// Jest Snapshot v1, https://goo.gl/fbAQLP

exports[`ApplicationController requests and responses Should return status-code 200 1`] = `
"<!DOCTYPE html>
<html lang="en">
<head>
  <meta charset="UTF-8">
  <meta name="viewport" content="width=device-width, initial-scale=1.0">
  <title>Tin URL ny</title>
</head>
<body>
  <span>url</span>
</body>
</html>"
`;
